<html>
<body>
<pre>
<h1>礦ision Build Log</h1>
<h2>Tool Versions:</h2>
IDE-Version: μVision V5.34.0.0
Copyright (C) 2021 ARM Ltd and ARM Germany GmbH. All rights reserved.
License Information: Xiang Yihua, cckaking, LIC=----
 
Tool Versions:
Toolchain:       MDK-Lite  Version: 5.34.0.0
Toolchain Path:  C:\Keil_v5\ARM\ARMCC\Bin
C Compiler:      Armcc.exe V5.06 update 7 (build 960)
Assembler:       Armasm.exe V5.06 update 7 (build 960)
Linker/Locator:  ArmLink.exe V5.06 update 7 (build 960)
Library Manager: ArmAr.exe V5.06 update 7 (build 960)
Hex Converter:   FromElf.exe V5.06 update 7 (build 960)
CPU DLL:         SARMCM3.DLL V5.34.0.0
Dialog DLL:      DARMCM1.DLL V1.19.4.0
Target DLL:      UL2CM3.DLL V1.163.9.0
Dialog DLL:      TARMCM1.DLL V1.14.3.0
 
<h2>Project:</h2>
D:\05-KEA128开发板_Keil环境调试成功\build\keil\ke06\Test\Test.uvprojx
Project File Date:  06/27/2021

<h2>Output:</h2>
*** Using Compiler 'V5.06 update 7 (build 960)', folder: 'C:\Keil_v5\ARM\ARMCC\Bin'
Rebuild target 'KE06Z-Flash'
compiling assert.c...
compiling io.c...
compiling alloc.c...
compiling memtest.c...
compiling queue.c...
compiling stdlib.c...
compiling arm_cm0.c...
compiling start.c...
compiling systick.c...
compiling sysinit.c...
assembling crto.s...
compiling vectors.c...
compiling gpio.c...
compiling uart.c...
compiling wdog.c...
compiling sim.c...
compiling rtc.c...
compiling ics.c...
compiling acmp.c...
compiling adc.c...
compiling crc.c...
compiling mscan.c...
compiling ftm.c...
compiling kbi.c...
compiling i2c.c...
compiling pit.c...
compiling pmc.c...
compiling flash.c...
compiling pwt.c...
compiling spi.c...
compiling Test.c...
compiling DisplayLCD.c...
compiling LIN_Slave.c...
compiling Input.c...
compiling MotorCtrl.c...
compiling Pca85162T.c...
compiling Output.c...
compiling Tick.c...
compiling System.c...
linking...
Program Size: Code=9668 RO-data=476 RW-data=132 ZI-data=356  
FromELF: creating hex file...
".\output\Test_Flash.axf" - 0 Error(s), 0 Warning(s).

<h2>Software Packages used:</h2>

Package Vendor: Keil
                http://www.keil.com/pack/Keil.Kinetis_KEAxx_DFP.1.3.0.pack
                Keil.Kinetis_KEAxx_DFP.1.3.0
                NXP Kinetis KEAxx Series Device Support and Examples

<h2>Collection of Component include folders:</h2>
  C:\Users\Administrator.USER-20190222AX\AppData\Local\Arm\Packs\Keil\Kinetis_KEAxx_DFP\1.3.0\Device\Include

<h2>Collection of Component Files used:</h2>
Build Time Elapsed:  00:00:05
</pre>
</body>
</html>
